conda : 
所在位置 行:1 字符: 5
+ & { conda run -n TraeAI-6 python -m pytest tests/ut/quantization/meth ...
+     ~~~~~~~~~~~~~~~~~~~~~~~~~~~~~~~~~~~~~~~~~~~~~~~~~~~~~~~~~~~~~~~~~
    + CategoryInfo          : NotSpecified: (:String) [], RemoteException
    + FullyQualifiedErrorId : NativeCommandError
 
EnvironmentLocationNotFound: Not a conda environment: C:\Users\rucli\anaconda3\
envs\TraeAI-6

